2021-01-30 13:31:21	 [INFO]	[56166]	[root]	 /home/syr/桌面/serverDev/tests/test.cc:15	 ttest Iinfo  
2021-01-30 13:31:21	 [ERROR]	[56166]	[root]	 /home/syr/桌面/serverDev/tests/test.cc:17	 test fmt logger error 你好啊  
